// Jest Snapshot v1, https://goo.gl/fbAQLP

exports[`<Snackbar /> should render 1`] = `null`;
