// Jest Snapshot v1, https://goo.gl/fbAQLP

exports[`<UserHeader /> should render 1`] = `
<div
  class="ant-space ant-space-horizontal ant-space-align-center"
>
  <div
    class="ant-space-item"
    style="margin-right:8px"
  >
    <a
      class="ant-btn sc-AxirZ eFUgaj ant-btn-link ant-btn-circle ant-btn-icon-only"
      href="/"
      id="back"
    >
      <span
        aria-label="arrow-left"
        class="anticon anticon-arrow-left"
        role="img"
      >
        <svg
          aria-hidden="true"
          class=""
          data-icon="arrow-left"
          fill="currentColor"
          focusable="false"
          height="1em"
          viewBox="64 64 896 896"
          width="1em"
        >
          <path
            d="M872 474H286.9l350.2-304c5.6-4.9 2.2-14-5.2-14h-88.5c-3.9 0-7.6 1.4-10.5 3.9L155 487.8a31.96 31.96 0 000 48.3L535.1 866c1.5 1.3 3.3 2 5.2 2h91.5c7.4 0 10.8-9.2 5.2-14L286.9 550H872c4.4 0 8-3.6 8-8v-60c0-4.4-3.6-8-8-8z"
          />
        </svg>
      </span>
    </a>
  </div>
  <div
    class="ant-space-item"
    style="margin-right:8px"
  >
    <span
      class="ant-avatar ant-avatar-circle ant-avatar-image"
      style="width:40px;height:40px;line-height:40px;font-size:18px"
    >
      <img
        src="/avatar.jpg"
      />
    </span>
  </div>
  <div
    class="ant-space-item"
  >
    <span
      class="ant-typography sc-AxjAm iyJsvQ"
    >
      Philipe Gatis
    </span>
  </div>
</div>
`;
